../Core/Src/stm32f4xx_it.c:71:28:NMI_Handler	4	static
../Core/Src/stm32f4xx_it.c:86:28:HardFault_Handler	4	static
../Core/Src/stm32f4xx_it.c:101:28:MemManage_Handler	4	static
../Core/Src/stm32f4xx_it.c:116:28:BusFault_Handler	4	static
../Core/Src/stm32f4xx_it.c:131:28:UsageFault_Handler	4	static
../Core/Src/stm32f4xx_it.c:146:28:SVC_Handler	4	static
../Core/Src/stm32f4xx_it.c:159:28:DebugMon_Handler	4	static
../Core/Src/stm32f4xx_it.c:172:28:PendSV_Handler	4	static
../Core/Src/stm32f4xx_it.c:185:28:SysTick_Handler	4	static
../Core/Src/stm32f4xx_it.c:206:28:TIM1_UP_TIM10_IRQHandler	8	static
../Core/Src/stm32f4xx_it.c:220:28:TIM3_IRQHandler	8	static
